UNCAUGHT EXCEPTION: Error: Cannot find module 'helmet'
Require stack:
- /app/index.ts
    at Function._resolveFilename (node:internal/modules/cjs/loader:1430:15)
    at defaultResolveImpl (node:internal/modules/cjs/loader:1040:19)
    at resolveForCJSWithHooks (node:internal/modules/cjs/loader:1045:22)
    at Function._load (node:internal/modules/cjs/loader:1216:25)
    at wrapModuleLoad (node:internal/modules/cjs/loader:254:19)
    at Module.require (node:internal/modules/cjs/loader:1527:12)
    at require (node:internal/modules/helpers:147:16)
    at Object.<anonymous> (/app/index.ts:15:1)
    at Module.<anonymous> (node:internal/modules/cjs/loader:1781:14)
    at Module._compile (/app/node_modules/source-map-support/source-map-support.js:568:25)
UNCAUGHT EXCEPTION: Error: Cannot find module 'helmet'
Require stack:
- /app/index.ts
    at Function._resolveFilename (node:internal/modules/cjs/loader:1430:15)
    at defaultResolveImpl (node:internal/modules/cjs/loader:1040:19)
    at resolveForCJSWithHooks (node:internal/modules/cjs/loader:1045:22)
    at Function._load (node:internal/modules/cjs/loader:1216:25)
    at wrapModuleLoad (node:internal/modules/cjs/loader:254:19)
    at Module.require (node:internal/modules/cjs/loader:1527:12)
    at require (node:internal/modules/helpers:147:16)
    at Object.<anonymous> (/app/index.ts:15:1)
    at Module.<anonymous> (node:internal/modules/cjs/loader:1781:14)
    at Module._compile (/app/node_modules/source-map-support/source-map-support.js:568:25)
UNCAUGHT EXCEPTION: Error: Cannot find module 'helmet'
Require stack:
- /app/index.ts
    at Function._resolveFilename (node:internal/modules/cjs/loader:1430:15)
    at defaultResolveImpl (node:internal/modules/cjs/loader:1040:19)
    at resolveForCJSWithHooks (node:internal/modules/cjs/loader:1045:22)
    at Function._load (node:internal/modules/cjs/loader:1216:25)
    at wrapModuleLoad (node:internal/modules/cjs/loader:254:19)
    at Module.require (node:internal/modules/cjs/loader:1527:12)
    at require (node:internal/modules/helpers:147:16)
    at Object.<anonymous> (/app/index.ts:15:1)
    at Module.<anonymous> (node:internal/modules/cjs/loader:1781:14)
    at Module._compile (/app/node_modules/source-map-support/source-map-support.js:568:25)
UNCAUGHT EXCEPTION: Error: Cannot find module 'helmet'
Require stack:
- /app/index.ts
    at Function._resolveFilename (node:internal/modules/cjs/loader:1430:15)
    at defaultResolveImpl (node:internal/modules/cjs/loader:1040:19)
    at resolveForCJSWithHooks (node:internal/modules/cjs/loader:1045:22)
    at Function._load (node:internal/modules/cjs/loader:1216:25)
    at wrapModuleLoad (node:internal/modules/cjs/loader:254:19)
    at Module.require (node:internal/modules/cjs/loader:1527:12)
    at require (node:internal/modules/helpers:147:16)
    at Object.<anonymous> (/app/index.ts:15:1)
    at Module.<anonymous> (node:internal/modules/cjs/loader:1781:14)
    at Module._compile (/app/node_modules/source-map-support/source-map-support.js:568:25)
